Archive member included to satisfy reference by file (symbol)

/usr/local/Cellar/gcc-arm-none-eabi/20160928/bin/../lib/gcc/arm-none-eabi/5.4.1/../../../../arm-none-eabi/lib/armv7-m/libc_nano.a(lib_a-errno.o)
                              build/sysmem.o (__errno)
/usr/local/Cellar/gcc-arm-none-eabi/20160928/bin/../lib/gcc/arm-none-eabi/5.4.1/../../../../arm-none-eabi/lib/armv7-m/libc_nano.a(lib_a-exit.o)
                              /usr/local/Cellar/gcc-arm-none-eabi/20160928/bin/../lib/gcc/arm-none-eabi/5.4.1/../../../../arm-none-eabi/lib/armv7-m/crt0.o (exit)
/usr/local/Cellar/gcc-arm-none-eabi/20160928/bin/../lib/gcc/arm-none-eabi/5.4.1/../../../../arm-none-eabi/lib/armv7-m/libc_nano.a(lib_a-impure.o)
                              /usr/local/Cellar/gcc-arm-none-eabi/20160928/bin/../lib/gcc/arm-none-eabi/5.4.1/../../../../arm-none-eabi/lib/armv7-m/libc_nano.a(lib_a-exit.o) (_global_impure_ptr)
/usr/local/Cellar/gcc-arm-none-eabi/20160928/bin/../lib/gcc/arm-none-eabi/5.4.1/../../../../arm-none-eabi/lib/armv7-m/libc_nano.a(lib_a-init.o)
                              /usr/local/Cellar/gcc-arm-none-eabi/20160928/bin/../lib/gcc/arm-none-eabi/5.4.1/../../../../arm-none-eabi/lib/armv7-m/crt0.o (__libc_init_array)
/usr/local/Cellar/gcc-arm-none-eabi/20160928/bin/../lib/gcc/arm-none-eabi/5.4.1/../../../../arm-none-eabi/lib/armv7-m/libc_nano.a(lib_a-memset.o)
                              /usr/local/Cellar/gcc-arm-none-eabi/20160928/bin/../lib/gcc/arm-none-eabi/5.4.1/../../../../arm-none-eabi/lib/armv7-m/crt0.o (memset)

Allocating common symbols
Common symbol       size              file

uwTick              0x4               build/stm32f1xx_hal.o
pFlash              0x20              build/stm32f1xx_hal_flash.o
hadc1               0x30              build/main.o
htim2               0x40              build/main.o

Discarded input sections

 .text          0x0000000000000000        0x0 /usr/local/Cellar/gcc-arm-none-eabi/20160928/bin/../lib/gcc/arm-none-eabi/5.4.1/armv7-m/crti.o
 .data          0x0000000000000000        0x0 /usr/local/Cellar/gcc-arm-none-eabi/20160928/bin/../lib/gcc/arm-none-eabi/5.4.1/armv7-m/crti.o
 .bss           0x0000000000000000        0x0 /usr/local/Cellar/gcc-arm-none-eabi/20160928/bin/../lib/gcc/arm-none-eabi/5.4.1/armv7-m/crti.o
 .data          0x0000000000000000        0x4 /usr/local/Cellar/gcc-arm-none-eabi/20160928/bin/../lib/gcc/arm-none-eabi/5.4.1/armv7-m/crtbegin.o
 .text          0x0000000000000000       0x74 /usr/local/Cellar/gcc-arm-none-eabi/20160928/bin/../lib/gcc/arm-none-eabi/5.4.1/../../../../arm-none-eabi/lib/armv7-m/crt0.o
 .data          0x0000000000000000        0x0 /usr/local/Cellar/gcc-arm-none-eabi/20160928/bin/../lib/gcc/arm-none-eabi/5.4.1/../../../../arm-none-eabi/lib/armv7-m/crt0.o
 .bss           0x0000000000000000        0x0 /usr/local/Cellar/gcc-arm-none-eabi/20160928/bin/../lib/gcc/arm-none-eabi/5.4.1/../../../../arm-none-eabi/lib/armv7-m/crt0.o
 .ARM.extab     0x0000000000000000        0x0 /usr/local/Cellar/gcc-arm-none-eabi/20160928/bin/../lib/gcc/arm-none-eabi/5.4.1/../../../../arm-none-eabi/lib/armv7-m/crt0.o
 .ARM.exidx     0x0000000000000000        0x8 /usr/local/Cellar/gcc-arm-none-eabi/20160928/bin/../lib/gcc/arm-none-eabi/5.4.1/../../../../arm-none-eabi/lib/armv7-m/crt0.o
 .ARM.attributes
                0x0000000000000000       0x1b /usr/local/Cellar/gcc-arm-none-eabi/20160928/bin/../lib/gcc/arm-none-eabi/5.4.1/../../../../arm-none-eabi/lib/armv7-m/crt0.o
 .text          0x0000000000000000        0x0 build/stm32f1xx_hal_flash.o
 .data          0x0000000000000000        0x0 build/stm32f1xx_hal_flash.o
 .bss           0x0000000000000000        0x0 build/stm32f1xx_hal_flash.o
 .text.FLASH_Program_HalfWord
                0x0000000000000000       0x1c build/stm32f1xx_hal_flash.o
 .text.FLASH_SetErrorCode
                0x0000000000000000       0x74 build/stm32f1xx_hal_flash.o
 .text.HAL_FLASH_Program_IT
                0x0000000000000000       0x64 build/stm32f1xx_hal_flash.o
 .text.HAL_FLASH_EndOfOperationCallback
                0x0000000000000000        0x4 build/stm32f1xx_hal_flash.o
 .text.HAL_FLASH_OperationErrorCallback
                0x0000000000000000        0x4 build/stm32f1xx_hal_flash.o
 .text.HAL_FLASH_IRQHandler
                0x0000000000000000      0x15c build/stm32f1xx_hal_flash.o
 .text.HAL_FLASH_Unlock
                0x0000000000000000       0x34 build/stm32f1xx_hal_flash.o
 .text.HAL_FLASH_Lock
                0x0000000000000000       0x14 build/stm32f1xx_hal_flash.o
 .text.HAL_FLASH_OB_Unlock
                0x0000000000000000       0x28 build/stm32f1xx_hal_flash.o
 .text.HAL_FLASH_OB_Lock
                0x0000000000000000       0x14 build/stm32f1xx_hal_flash.o
 .text.HAL_FLASH_OB_Launch
                0x0000000000000000        0x8 build/stm32f1xx_hal_flash.o
 .text.HAL_FLASH_GetError
                0x0000000000000000        0xc build/stm32f1xx_hal_flash.o
 .text.FLASH_WaitForLastOperation
[...]
Memory Configuration

Name             Origin             Length             Attributes
RAM              0x0000000020000000 0x0000000000005000 xrw
FLASH            0x0000000008000000 0x0000000000010000 xr
*default*        0x0000000000000000 0xffffffffffffffff

Linker script and memory map

LOAD /usr/local/Cellar/gcc-arm-none-eabi/20160928/bin/../lib/gcc/arm-none-eabi/5.4.1/armv7-m/crti.o
LOAD /usr/local/Cellar/gcc-arm-none-eabi/20160928/bin/../lib/gcc/arm-none-eabi/5.4.1/armv7-m/crtbegin.o
LOAD /usr/local/Cellar/gcc-arm-none-eabi/20160928/bin/../lib/gcc/arm-none-eabi/5.4.1/../../../../arm-none-eabi/lib/armv7-m/crt0.o
LOAD build/stm32f1xx_hal_flash.o
LOAD build/stm32f1xx_hal_pwr.o
LOAD build/stm32f1xx_hal_rcc.o
LOAD build/stm32f1xx_hal_tim.o
LOAD build/stm32f1xx_hal_tim_ex.o
LOAD build/stm32f1xx_hal_gpio_ex.o
LOAD build/stm32f1xx_hal_adc_ex.o
LOAD build/stm32f1xx_hal_cortex.o
LOAD build/stm32f1xx_hal_flash_ex.o
LOAD build/stm32f1xx_hal_gpio.o
LOAD build/stm32f1xx_hal_rcc_ex.o
LOAD build/stm32f1xx_hal.o
LOAD build/stm32f1xx_hal_adc.o
LOAD build/stm32f1xx_hal_dma.o
LOAD build/sysmem.o
LOAD build/syscalls.o
LOAD build/main.o
LOAD build/system_stm32f1xx.o
LOAD build/stm32f1xx_it.o
LOAD build/stm32f1xx_hal_msp.o
LOAD build/startup_stm32f103xb.o
LOAD /usr/local/Cellar/gcc-arm-none-eabi/20160928/bin/../lib/gcc/arm-none-eabi/5.4.1/../../../../arm-none-eabi/lib/armv7-m/libc_nano.a
LOAD /usr/local/Cellar/gcc-arm-none-eabi/20160928/bin/../lib/gcc/arm-none-eabi/5.4.1/../../../../arm-none-eabi/lib/armv7-m/libm.a
LOAD /usr/local/Cellar/gcc-arm-none-eabi/20160928/bin/../lib/gcc/arm-none-eabi/5.4.1/../../../../arm-none-eabi/lib/armv7-m/libnosys.a
START GROUP
LOAD /usr/local/Cellar/gcc-arm-none-eabi/20160928/bin/../lib/gcc/arm-none-eabi/5.4.1/armv7-m/libgcc.a
LOAD /usr/local/Cellar/gcc-arm-none-eabi/20160928/bin/../lib/gcc/arm-none-eabi/5.4.1/../../../../arm-none-eabi/lib/armv7-m/libc_nano.a
END GROUP
START GROUP
LOAD /usr/local/Cellar/gcc-arm-none-eabi/20160928/bin/../lib/gcc/arm-none-eabi/5.4.1/armv7-m/libgcc.a
LOAD /usr/local/Cellar/gcc-arm-none-eabi/20160928/bin/../lib/gcc/arm-none-eabi/5.4.1/../../../../arm-none-eabi/lib/armv7-m/libc_nano.a
END GROUP
LOAD /usr/local/Cellar/gcc-arm-none-eabi/20160928/bin/../lib/gcc/arm-none-eabi/5.4.1/armv7-m/crtend.o
LOAD /usr/local/Cellar/gcc-arm-none-eabi/20160928/bin/../lib/gcc/arm-none-eabi/5.4.1/armv7-m/crtn.o
                0x0000000020005000                _estack = (ORIGIN (RAM) + LENGTH (RAM))
                0x0000000000000200                _Min_Heap_Size = 0x200
                0x0000000000000400                _Min_Stack_Size = 0x400

.isr_vector     0x0000000008000000      0x10c
                0x0000000008000000                . = ALIGN (0x4)
 *(.isr_vector)
 .isr_vector    0x0000000008000000      0x10c build/startup_stm32f103xb.o
                0x0000000008000000                g_pfnVectors
                0x000000000800010c                . = ALIGN (0x4)

.text           0x000000000800010c     0x1bc0
                0x000000000800010c                . = ALIGN (0x4)
 *(.text)
 .text          0x000000000800010c       0x5c /usr/local/Cellar/gcc-arm-none-eabi/20160928/bin/../lib/gcc/arm-none-eabi/5.4.1/armv7-m/crtbegin.o
 *(.text*)
 .text.RCC_Delay
                0x0000000008000168       0x2c build/stm32f1xx_hal_rcc.o
 .text.HAL_RCC_OscConfig
                0x0000000008000194      0x434 build/stm32f1xx_hal_rcc.o
                0x0000000008000194                HAL_RCC_OscConfig
 .text.HAL_RCC_GetSysClockFreq
                0x00000000080005c8       0x70 build/stm32f1xx_hal_rcc.o
                0x00000000080005c8                HAL_RCC_GetSysClockFreq
 .text.HAL_RCC_ClockConfig
                0x0000000008000638      0x170 build/stm32f1xx_hal_rcc.o
                0x0000000008000638                HAL_RCC_ClockConfig
 .text.HAL_RCC_GetHCLKFreq
                0x00000000080007a8        0xc build/stm32f1xx_hal_rcc.o
                0x00000000080007a8                HAL_RCC_GetHCLKFreq
 .text.HAL_RCC_GetPCLK2Freq
                0x00000000080007b4       0x20 build/stm32f1xx_hal_rcc.o
                0x00000000080007b4                HAL_RCC_GetPCLK2Freq
 .text.TIM_OC1_SetConfig
                0x00000000080007d4       0x58 build/stm32f1xx_hal_tim.o
 .text.TIM_OC3_SetConfig
                0x000000000800082c       0x60 build/stm32f1xx_hal_tim.o
 .text.TIM_OC4_SetConfig
                0x000000000800088c       0x48 build/stm32f1xx_hal_tim.o
 .text.TIM_TI1_ConfigInputStage
                0x00000000080008d4       0x24 build/stm32f1xx_hal_tim.o
 .text.TIM_TI2_ConfigInputStage
                0x00000000080008f8       0x28 build/stm32f1xx_hal_tim.o
 .text.TIM_ITRx_SetConfig
                0x0000000008000920       0x10 build/stm32f1xx_hal_tim.o
 .text.HAL_TIM_PWM_MspInit
                0x0000000008000930        0x4 build/stm32f1xx_hal_tim.o
                0x0000000008000930                HAL_TIM_PWM_MspInit
 .text.TIM_Base_SetConfig
                0x0000000008000934       0x70 build/stm32f1xx_hal_tim.o
                0x0000000008000934                TIM_Base_SetConfig
 .text.HAL_TIM_Base_Init
                0x00000000080009a4       0x38 build/stm32f1xx_hal_tim.o
                0x00000000080009a4                HAL_TIM_Base_Init
 .text.HAL_TIM_PWM_Init
                0x00000000080009dc       0x38 build/stm32f1xx_hal_tim.o
                0x00000000080009dc                HAL_TIM_PWM_Init
 .text.TIM_OC2_SetConfig
                0x0000000008000a14       0x60 build/stm32f1xx_hal_tim.o
                0x0000000008000a14                TIM_OC2_SetConfig
 .text.HAL_TIM_PWM_ConfigChannel
                0x0000000008000a74       0xdc build/stm32f1xx_hal_tim.o
                0x0000000008000a74                HAL_TIM_PWM_ConfigChannel
 .text.TIM_ETR_SetConfig
                0x0000000008000b50       0x18 build/stm32f1xx_hal_tim.o
                0x0000000008000b50                TIM_ETR_SetConfig
 .text.HAL_TIM_ConfigClockSource
                0x0000000008000b68       0xe4 build/stm32f1xx_hal_tim.o
                0x0000000008000b68                HAL_TIM_ConfigClockSource
 .text.TIM_CCxChannelCmd
                0x0000000008000c4c       0x20 build/stm32f1xx_hal_tim.o
                0x0000000008000c4c                TIM_CCxChannelCmd
 .text.HAL_TIM_PWM_Start
                0x0000000008000c6c       0x38 build/stm32f1xx_hal_tim.o
                0x0000000008000c6c                HAL_TIM_PWM_Start
 .text.HAL_TIMEx_MasterConfigSynchronization
                0x0000000008000ca4       0x48 build/stm32f1xx_hal_tim_ex.o
                0x0000000008000ca4                HAL_TIMEx_MasterConfigSynchronization
 .text.HAL_ADCEx_Calibration_Start
                0x0000000008000cec       0xf0 build/stm32f1xx_hal_adc_ex.o
                0x0000000008000cec                HAL_ADCEx_Calibration_Start
 .text.HAL_NVIC_SetPriorityGrouping
                0x0000000008000ddc       0x24 build/stm32f1xx_hal_cortex.o
                0x0000000008000ddc                HAL_NVIC_SetPriorityGrouping
 .text.HAL_NVIC_SetPriority
                0x0000000008000e00       0x64 build/stm32f1xx_hal_cortex.o
                0x0000000008000e00                HAL_NVIC_SetPriority
 .text.HAL_SYSTICK_Config
                0x0000000008000e64       0x2c build/stm32f1xx_hal_cortex.o
                0x0000000008000e64                HAL_SYSTICK_Config
 .text.HAL_GPIO_Init
                0x0000000008000e90      0x1dc build/stm32f1xx_hal_gpio.o
                0x0000000008000e90                HAL_GPIO_Init
 .text.HAL_RCCEx_PeriphCLKConfig
                0x000000000800106c      0x114 build/stm32f1xx_hal_rcc_ex.o
                0x000000000800106c                HAL_RCCEx_PeriphCLKConfig
 .text.HAL_RCCEx_GetPeriphCLKFreq
                0x0000000008001180      0x108 build/stm32f1xx_hal_rcc_ex.o
                0x0000000008001180                HAL_RCCEx_GetPeriphCLKFreq
 .text.HAL_InitTick
                0x0000000008001288       0x4c build/stm32f1xx_hal.o
                0x0000000008001288                HAL_InitTick
 .text.HAL_Init
                0x00000000080012d4       0x24 build/stm32f1xx_hal.o
                0x00000000080012d4                HAL_Init
 .text.HAL_IncTick
                0x00000000080012f8       0x18 build/stm32f1xx_hal.o
                0x00000000080012f8                HAL_IncTick
 .text.HAL_GetTick
                0x0000000008001310        0xc build/stm32f1xx_hal.o
                0x0000000008001310                HAL_GetTick
 .text.HAL_Delay
                0x000000000800131c       0x28 build/stm32f1xx_hal.o
                0x000000000800131c                HAL_Delay
 .text.HAL_ADC_PollForConversion
                0x0000000008001344      0x174 build/stm32f1xx_hal_adc.o
                0x0000000008001344                HAL_ADC_PollForConversion
 .text.HAL_ADC_GetValue
                0x00000000080014b8        0x8 build/stm32f1xx_hal_adc.o
                0x00000000080014b8                HAL_ADC_GetValue
 .text.HAL_ADC_ConfigChannel
                0x00000000080014c0      0x138 build/stm32f1xx_hal_adc.o
                0x00000000080014c0                HAL_ADC_ConfigChannel
 .text.ADC_Enable
                0x00000000080015f8       0x80 build/stm32f1xx_hal_adc.o
                0x00000000080015f8                ADC_Enable
 .text.HAL_ADC_Start
                0x0000000008001678       0xf8 build/stm32f1xx_hal_adc.o
                0x0000000008001678                HAL_ADC_Start
 .text.ADC_ConversionStop_Disable
                0x0000000008001770       0x50 build/stm32f1xx_hal_adc.o
                0x0000000008001770                ADC_ConversionStop_Disable
 .text.HAL_ADC_Init
                0x00000000080017c0      0x10c build/stm32f1xx_hal_adc.o
                0x00000000080017c0                HAL_ADC_Init
 .text.MX_GPIO_Init
                0x00000000080018cc       0x30 build/main.o
 .text.MX_ADC1_Init
                0x00000000080018fc       0x48 build/main.o
 .text.MX_TIM2_Init
                0x0000000008001944       0x80 build/main.o
 .text.SystemClock_Config
                0x00000000080019c4       0x6c build/main.o
                0x00000000080019c4                SystemClock_Config
 .text.main     0x0000000008001a30       0x5c build/main.o
                0x0000000008001a30                main
 .text.SystemInit
                0x0000000008001a8c       0x4c build/system_stm32f1xx.o
                0x0000000008001a8c                SystemInit
 .text.NMI_Handler
                0x0000000008001ad8        0x4 build/stm32f1xx_it.o
                0x0000000008001ad8                NMI_Handler
 .text.HardFault_Handler
                0x0000000008001adc        0x4 build/stm32f1xx_it.o
                0x0000000008001adc                HardFault_Handler
 .text.MemManage_Handler
                0x0000000008001ae0        0x4 build/stm32f1xx_it.o
                0x0000000008001ae0                MemManage_Handler
 .text.BusFault_Handler
                0x0000000008001ae4        0x4 build/stm32f1xx_it.o
                0x0000000008001ae4                BusFault_Handler
 .text.UsageFault_Handler
                0x0000000008001ae8        0x4 build/stm32f1xx_it.o
                0x0000000008001ae8                UsageFault_Handler
 .text.SVC_Handler
                0x0000000008001aec        0x4 build/stm32f1xx_it.o
                0x0000000008001aec                SVC_Handler
 .text.DebugMon_Handler
                0x0000000008001af0        0x4 build/stm32f1xx_it.o
                0x0000000008001af0                DebugMon_Handler
 .text.PendSV_Handler
                0x0000000008001af4        0x4 build/stm32f1xx_it.o
                0x0000000008001af4                PendSV_Handler
 .text.SysTick_Handler
                0x0000000008001af8        0x8 build/stm32f1xx_it.o
                0x0000000008001af8                SysTick_Handler
 .text.HAL_MspInit
                0x0000000008001b00       0x44 build/stm32f1xx_hal_msp.o
                0x0000000008001b00                HAL_MspInit
 .text.HAL_ADC_MspInit
                0x0000000008001b44       0x5c build/stm32f1xx_hal_msp.o
                0x0000000008001b44                HAL_ADC_MspInit
 .text.HAL_TIM_Base_MspInit
                0x0000000008001ba0       0x24 build/stm32f1xx_hal_msp.o
                0x0000000008001ba0                HAL_TIM_Base_MspInit
 .text.HAL_TIM_MspPostInit
                0x0000000008001bc4       0x48 build/stm32f1xx_hal_msp.o
                0x0000000008001bc4                HAL_TIM_MspPostInit
 .text.Reset_Handler
                0x0000000008001c0c       0x48 build/startup_stm32f103xb.o
                0x0000000008001c0c                Reset_Handler
 .text.Default_Handler
                0x0000000008001c54        0x2 build/startup_stm32f103xb.o
                0x0000000008001c54                USBWakeUp_IRQHandler
                0x0000000008001c54                EXTI2_IRQHandler
                0x0000000008001c54                TIM1_CC_IRQHandler
                0x0000000008001c54                PVD_IRQHandler
                0x0000000008001c54                EXTI3_IRQHandler
                0x0000000008001c54                EXTI0_IRQHandler
                0x0000000008001c54                I2C2_EV_IRQHandler
                0x0000000008001c54                ADC1_2_IRQHandler
                0x0000000008001c54                SPI1_IRQHandler
                0x0000000008001c54                TAMPER_IRQHandler
                0x0000000008001c54                DMA1_Channel4_IRQHandler
                0x0000000008001c54                USART3_IRQHandler
                0x0000000008001c54                RTC_IRQHandler
                0x0000000008001c54                DMA1_Channel7_IRQHandler
                0x0000000008001c54                CAN1_RX1_IRQHandler
                0x0000000008001c54                TIM4_IRQHandler
                0x0000000008001c54                I2C1_EV_IRQHandler
                0x0000000008001c54                DMA1_Channel6_IRQHandler
                0x0000000008001c54                TIM3_IRQHandler
                0x0000000008001c54                RCC_IRQHandler
                0x0000000008001c54                TIM1_TRG_COM_IRQHandler
                0x0000000008001c54                DMA1_Channel1_IRQHandler
                0x0000000008001c54                Default_Handler
                0x0000000008001c54                EXTI15_10_IRQHandler
                0x0000000008001c54                EXTI9_5_IRQHandler
                0x0000000008001c54                SPI2_IRQHandler
                0x0000000008001c54                DMA1_Channel5_IRQHandler
                0x0000000008001c54                EXTI4_IRQHandler
                0x0000000008001c54                USB_LP_CAN1_RX0_IRQHandler
                0x0000000008001c54                USB_HP_CAN1_TX_IRQHandler
                0x0000000008001c54                DMA1_Channel3_IRQHandler
                0x0000000008001c54                TIM1_UP_IRQHandler
                0x0000000008001c54                WWDG_IRQHandler
                0x0000000008001c54                TIM2_IRQHandler
                0x0000000008001c54                TIM1_BRK_IRQHandler
                0x0000000008001c54                EXTI1_IRQHandler
                0x0000000008001c54                USART2_IRQHandler
                0x0000000008001c54                I2C2_ER_IRQHandler
                0x0000000008001c54                DMA1_Channel2_IRQHandler
                0x0000000008001c54                CAN1_SCE_IRQHandler
                0x0000000008001c54                FLASH_IRQHandler
                0x0000000008001c54                USART1_IRQHandler
                0x0000000008001c54                I2C1_ER_IRQHandler
                0x0000000008001c54                RTC_Alarm_IRQHandler
 *fill*         0x0000000008001c56        0x2 
 .text.__libc_init_array
                0x0000000008001c58       0x4c /usr/local/Cellar/gcc-arm-none-eabi/20160928/bin/../lib/gcc/arm-none-eabi/5.4.1/../../../../arm-none-eabi/lib/armv7-m/libc_nano.a(lib_a-init.o)
                0x0000000008001c58                __libc_init_array
 .text.memset   0x0000000008001ca4       0x10 /usr/local/Cellar/gcc-arm-none-eabi/20160928/bin/../lib/gcc/arm-none-eabi/5.4.1/../../../../arm-none-eabi/lib/armv7-m/libc_nano.a(lib_a-memset.o)
                0x0000000008001ca4                memset
 *(.glue_7)
 .glue_7        0x0000000008001cb4        0x0 linker stubs
 *(.glue_7t)
 .glue_7t       0x0000000008001cb4        0x0 linker stubs
 *(.eh_frame)
 .eh_frame      0x0000000008001cb4        0x0 /usr/local/Cellar/gcc-arm-none-eabi/20160928/bin/../lib/gcc/arm-none-eabi/5.4.1/armv7-m/crtbegin.o
 *(.init)
 .init          0x0000000008001cb4        0x4 /usr/local/Cellar/gcc-arm-none-eabi/20160928/bin/../lib/gcc/arm-none-eabi/5.4.1/armv7-m/crti.o
                0x0000000008001cb4                _init
 .init          0x0000000008001cb8        0x8 /usr/local/Cellar/gcc-arm-none-eabi/20160928/bin/../lib/gcc/arm-none-eabi/5.4.1/armv7-m/crtn.o
 *(.fini)
 .fini          0x0000000008001cc0        0x4 /usr/local/Cellar/gcc-arm-none-eabi/20160928/bin/../lib/gcc/arm-none-eabi/5.4.1/armv7-m/crti.o
                0x0000000008001cc0                _fini
 .fini          0x0000000008001cc4        0x8 /usr/local/Cellar/gcc-arm-none-eabi/20160928/bin/../lib/gcc/arm-none-eabi/5.4.1/armv7-m/crtn.o
                0x0000000008001ccc                . = ALIGN (0x4)
                0x0000000008001ccc                _etext = .

.vfp11_veneer   0x0000000008001ccc        0x0
 .vfp11_veneer  0x0000000008001ccc        0x0 linker stubs

.v4_bx          0x0000000008001ccc        0x0
 .v4_bx         0x0000000008001ccc        0x0 linker stubs

.iplt           0x0000000008001ccc        0x0
 .iplt          0x0000000008001ccc        0x0 /usr/local/Cellar/gcc-arm-none-eabi/20160928/bin/../lib/gcc/arm-none-eabi/5.4.1/armv7-m/crtbegin.o

.rodata         0x0000000008001ccc       0x40
                0x0000000008001ccc                . = ALIGN (0x4)
 *(.rodata)
 .rodata        0x0000000008001ccc       0x12 build/stm32f1xx_hal_rcc.o
 *fill*         0x0000000008001cde        0x2 
 .rodata        0x0000000008001ce0       0x12 build/stm32f1xx_hal_rcc_ex.o
 *(.rodata*)
 *fill*         0x0000000008001cf2        0x2 
 .rodata.AHBPrescTable
                0x0000000008001cf4       0x10 build/system_stm32f1xx.o
                0x0000000008001cf4                AHBPrescTable
 .rodata.APBPrescTable
                0x0000000008001d04        0x8 build/system_stm32f1xx.o
                0x0000000008001d04                APBPrescTable
                0x0000000008001d0c                . = ALIGN (0x4)

.rel.dyn        0x0000000008001d0c        0x0
 .rel.iplt      0x0000000008001d0c        0x0 /usr/local/Cellar/gcc-arm-none-eabi/20160928/bin/../lib/gcc/arm-none-eabi/5.4.1/armv7-m/crtbegin.o

.ARM.extab      0x0000000008001d0c        0x0
                0x0000000008001d0c                . = ALIGN (0x4)
 *(.ARM.extab* .gnu.linkonce.armextab.*)
                0x0000000008001d0c                . = ALIGN (0x4)

.ARM            0x0000000008001d0c        0x0
                0x0000000008001d0c                . = ALIGN (0x4)
                0x0000000008001d0c                __exidx_start = .
 *(.ARM.exidx*)
                0x0000000008001d0c                __exidx_end = .
                0x0000000008001d0c                . = ALIGN (0x4)

.preinit_array  0x0000000008001d0c        0x0
                0x0000000008001d0c                . = ALIGN (0x4)
                0x0000000008001d0c                PROVIDE (__preinit_array_start, .)
 *(.preinit_array*)
                0x0000000008001d0c                PROVIDE (__preinit_array_end, .)
                0x0000000008001d0c                . = ALIGN (0x4)

.init_array     0x0000000008001d0c        0x4
                0x0000000008001d0c                . = ALIGN (0x4)
                0x0000000008001d0c                PROVIDE (__init_array_start, .)
 *(SORT(.init_array.*))
 *(.init_array*)
 .init_array    0x0000000008001d0c        0x4 /usr/local/Cellar/gcc-arm-none-eabi/20160928/bin/../lib/gcc/arm-none-eabi/5.4.1/armv7-m/crtbegin.o
                0x0000000008001d10                PROVIDE (__init_array_end, .)
                0x0000000008001d10                . = ALIGN (0x4)

.fini_array     0x0000000008001d10        0x4
                0x0000000008001d10                . = ALIGN (0x4)
                [!provide]                        PROVIDE (__fini_array_start, .)
 *(SORT(.fini_array.*))
 *(.fini_array*)
 .fini_array    0x0000000008001d10        0x4 /usr/local/Cellar/gcc-arm-none-eabi/20160928/bin/../lib/gcc/arm-none-eabi/5.4.1/armv7-m/crtbegin.o
                [!provide]                        PROVIDE (__fini_array_end, .)
                0x0000000008001d14                . = ALIGN (0x4)
                0x0000000008001d14                _sidata = LOADADDR (.data)

.data           0x0000000020000000        0xc load address 0x0000000008001d14
                0x0000000020000000                . = ALIGN (0x4)
                0x0000000020000000                _sdata = .
 *(.data)
 *(.data*)
 .data.uwTickPrio
                0x0000000020000000        0x4 build/stm32f1xx_hal.o
                0x0000000020000000                uwTickPrio
 .data.uwTickFreq
                0x0000000020000004        0x1 build/stm32f1xx_hal.o
                0x0000000020000004                uwTickFreq
 *fill*         0x0000000020000005        0x3 
 .data.SystemCoreClock
                0x0000000020000008        0x4 build/system_stm32f1xx.o
                0x0000000020000008                SystemCoreClock
                0x000000002000000c                . = ALIGN (0x4)
                0x000000002000000c                _edata = .

.jcr            0x000000002000000c        0x0 load address 0x0000000008001d20
 .jcr           0x000000002000000c        0x0 /usr/local/Cellar/gcc-arm-none-eabi/20160928/bin/../lib/gcc/arm-none-eabi/5.4.1/armv7-m/crtbegin.o

.igot.plt       0x000000002000000c        0x0 load address 0x0000000008001d20
 .igot.plt      0x000000002000000c        0x0 /usr/local/Cellar/gcc-arm-none-eabi/20160928/bin/../lib/gcc/arm-none-eabi/5.4.1/armv7-m/crtbegin.o
                0x000000002000000c                . = ALIGN (0x4)

.bss            0x000000002000000c       0x90 load address 0x0000000008001d20
                0x000000002000000c                _sbss = .
                0x000000002000000c                __bss_start__ = _sbss
 *(.bss)
 .bss           0x000000002000000c       0x1c /usr/local/Cellar/gcc-arm-none-eabi/20160928/bin/../lib/gcc/arm-none-eabi/5.4.1/armv7-m/crtbegin.o
 *(.bss*)
 *(COMMON)
 COMMON         0x0000000020000028        0x4 build/stm32f1xx_hal.o
                0x0000000020000028                uwTick
 COMMON         0x000000002000002c       0x70 build/main.o
                0x000000002000002c                hadc1
                0x000000002000005c                htim2
                0x000000002000009c                . = ALIGN (0x4)
                0x000000002000009c                _ebss = .
                0x000000002000009c                __bss_end__ = _ebss

._user_heap_stack
                0x000000002000009c      0x604 load address 0x0000000008001d20
                0x00000000200000a0                . = ALIGN (0x8)
 *fill*         0x000000002000009c        0x4 
                0x00000000200000a0                PROVIDE (end, .)
                [!provide]                        PROVIDE (_end, .)
                0x00000000200002a0                . = (. + _Min_Heap_Size)
 *fill*         0x00000000200000a0      0x200 
                0x00000000200006a0                . = (. + _Min_Stack_Size)
 *fill*         0x00000000200002a0      0x400 
                0x00000000200006a0                . = ALIGN (0x8)

/DISCARD/
 libc.a(*)
 libm.a(*)
 libgcc.a(*)

.ARM.attributes
                0x0000000000000000       0x29
 *(.ARM.attributes)
 .ARM.attributes
                0x0000000000000000       0x1d /usr/local/Cellar/gcc-arm-none-eabi/20160928/bin/../lib/gcc/arm-none-eabi/5.4.1/armv7-m/crti.o
 .ARM.attributes
                0x000000000000001d       0x2d /usr/local/Cellar/gcc-arm-none-eabi/20160928/bin/../lib/gcc/arm-none-eabi/5.4.1/armv7-m/crtbegin.o
 .ARM.attributes
                0x000000000000004a       0x33 build/stm32f1xx_hal_rcc.o
 .ARM.attributes
                0x000000000000007d       0x33 build/stm32f1xx_hal_tim.o
 .ARM.attributes
                0x00000000000000b0       0x33 build/stm32f1xx_hal_tim_ex.o
 .ARM.attributes
                0x00000000000000e3       0x33 build/stm32f1xx_hal_adc_ex.o
 .ARM.attributes
                0x0000000000000116       0x33 build/stm32f1xx_hal_cortex.o
 .ARM.attributes
                0x0000000000000149       0x33 build/stm32f1xx_hal_gpio.o
 .ARM.attributes
                0x000000000000017c       0x33 build/stm32f1xx_hal_rcc_ex.o
 .ARM.attributes
                0x00000000000001af       0x33 build/stm32f1xx_hal.o
 .ARM.attributes
                0x00000000000001e2       0x33 build/stm32f1xx_hal_adc.o
 .ARM.attributes
                0x0000000000000215       0x33 build/main.o
 .ARM.attributes
                0x0000000000000248       0x33 build/system_stm32f1xx.o
 .ARM.attributes
                0x000000000000027b       0x33 build/stm32f1xx_it.o
 .ARM.attributes
                0x00000000000002ae       0x33 build/stm32f1xx_hal_msp.o
 .ARM.attributes
                0x00000000000002e1       0x21 build/startup_stm32f103xb.o
 .ARM.attributes
                0x0000000000000302       0x2d /usr/local/Cellar/gcc-arm-none-eabi/20160928/bin/../lib/gcc/arm-none-eabi/5.4.1/../../../../arm-none-eabi/lib/armv7-m/libc_nano.a(lib_a-init.o)
 .ARM.attributes
                0x000000000000032f       0x2d /usr/local/Cellar/gcc-arm-none-eabi/20160928/bin/../lib/gcc/arm-none-eabi/5.4.1/../../../../arm-none-eabi/lib/armv7-m/libc_nano.a(lib_a-memset.o)
 .ARM.attributes
                0x000000000000035c       0x1d /usr/local/Cellar/gcc-arm-none-eabi/20160928/bin/../lib/gcc/arm-none-eabi/5.4.1/armv7-m/crtn.o
OUTPUT(build/test.elf elf32-littlearm)

.debug_info     0x0000000000000000     0xaf5f
 .debug_info    0x0000000000000000      0xa65 build/stm32f1xx_hal_rcc.o
 .debug_info    0x0000000000000a65     0x33c1 build/stm32f1xx_hal_tim.o
 .debug_info    0x0000000000003e26     0x1549 build/stm32f1xx_hal_tim_ex.o
 .debug_info    0x000000000000536f      0xbcb build/stm32f1xx_hal_adc_ex.o
 .debug_info    0x0000000000005f3a      0xcd9 build/stm32f1xx_hal_cortex.o
 .debug_info    0x0000000000006c13      0x64c build/stm32f1xx_hal_gpio.o
 .debug_info    0x000000000000725f      0x447 build/stm32f1xx_hal_rcc_ex.o
 .debug_info    0x00000000000076a6      0x7ec build/stm32f1xx_hal.o
 .debug_info    0x0000000000007e92      0xed6 build/stm32f1xx_hal_adc.o
 .debug_info    0x0000000000008d68      0xfa1 build/main.o
 .debug_info    0x0000000000009d09      0x42c build/system_stm32f1xx.o
 .debug_info    0x000000000000a135      0x185 build/stm32f1xx_it.o
 .debug_info    0x000000000000a2ba      0xc18 build/stm32f1xx_hal_msp.o
 .debug_info    0x000000000000aed2       0x8d build/startup_stm32f103xb.o

.debug_abbrev   0x0000000000000000     0x19cb
 .debug_abbrev  0x0000000000000000      0x270 build/stm32f1xx_hal_rcc.o
 .debug_abbrev  0x0000000000000270      0x26a build/stm32f1xx_hal_tim.o
 .debug_abbrev  0x00000000000004da      0x251 build/stm32f1xx_hal_tim_ex.o
 .debug_abbrev  0x000000000000072b      0x23a build/stm32f1xx_hal_adc_ex.o
 .debug_abbrev  0x0000000000000965      0x2ee build/stm32f1xx_hal_cortex.o
 .debug_abbrev  0x0000000000000c53      0x1f9 build/stm32f1xx_hal_gpio.o
 .debug_abbrev  0x0000000000000e4c      0x1b6 build/stm32f1xx_hal_rcc_ex.o
 .debug_abbrev  0x0000000000001002      0x1dd build/stm32f1xx_hal.o
 .debug_abbrev  0x00000000000011df      0x218 build/stm32f1xx_hal_adc.o
 .debug_abbrev  0x00000000000013f7      0x229 build/main.o
 .debug_abbrev  0x0000000000001620      0x124 build/system_stm32f1xx.o
 .debug_abbrev  0x0000000000001744       0xbb build/stm32f1xx_it.o
 .debug_abbrev  0x00000000000017ff      0x1ba build/stm32f1xx_hal_msp.o
 .debug_abbrev  0x00000000000019b9       0x12 build/startup_stm32f103xb.o

.debug_loc      0x0000000000000000     0x859c
 .debug_loc     0x0000000000000000      0x6f2 build/stm32f1xx_hal_rcc.o
 .debug_loc     0x00000000000006f2     0x427f build/stm32f1xx_hal_tim.o
 .debug_loc     0x0000000000004971     0x148f build/stm32f1xx_hal_tim_ex.o
 .debug_loc     0x0000000000005e00      0xa5a build/stm32f1xx_hal_adc_ex.o
 .debug_loc     0x000000000000685a      0x59f build/stm32f1xx_hal_cortex.o
 .debug_loc     0x0000000000006df9      0x385 build/stm32f1xx_hal_gpio.o
 .debug_loc     0x000000000000717e      0x344 build/stm32f1xx_hal_rcc_ex.o
 .debug_loc     0x00000000000074c2      0x1b1 build/stm32f1xx_hal.o
 .debug_loc     0x0000000000007673      0xbca build/stm32f1xx_hal_adc.o
 .debug_loc     0x000000000000823d      0x115 build/main.o
 .debug_loc     0x0000000000008352       0xdf build/system_stm32f1xx.o
 .debug_loc     0x0000000000008431       0x20 build/stm32f1xx_it.o
 .debug_loc     0x0000000000008451      0x14b build/stm32f1xx_hal_msp.o

.debug_aranges  0x0000000000000000      0xa30
 .debug_aranges
                0x0000000000000000       0x90 build/stm32f1xx_hal_rcc.o
 .debug_aranges
                0x0000000000000090      0x3a8 build/stm32f1xx_hal_tim.o
 .debug_aranges
                0x0000000000000438      0x150 build/stm32f1xx_hal_tim_ex.o
 .debug_aranges
                0x0000000000000588       0x80 build/stm32f1xx_hal_adc_ex.o
 .debug_aranges
                0x0000000000000608       0x90 build/stm32f1xx_hal_cortex.o
 .debug_aranges
                0x0000000000000698       0x58 build/stm32f1xx_hal_gpio.o
 .debug_aranges
                0x00000000000006f0       0x30 build/stm32f1xx_hal_rcc_ex.o
 .debug_aranges
                0x0000000000000720       0xe0 build/stm32f1xx_hal.o
 .debug_aranges
                0x0000000000000800       0xf0 build/stm32f1xx_hal_adc.o
 .debug_aranges
                0x00000000000008f0       0x48 build/main.o
 .debug_aranges
                0x0000000000000938       0x28 build/system_stm32f1xx.o
 .debug_aranges
                0x0000000000000960       0x60 build/stm32f1xx_it.o
 .debug_aranges
                0x00000000000009c0       0x48 build/stm32f1xx_hal_msp.o
 .debug_aranges
                0x0000000000000a08       0x28 build/startup_stm32f103xb.o

.debug_ranges   0x0000000000000000      0x988
 .debug_ranges  0x0000000000000000       0x98 build/stm32f1xx_hal_rcc.o
 .debug_ranges  0x0000000000000098      0x398 build/stm32f1xx_hal_tim.o
 .debug_ranges  0x0000000000000430      0x140 build/stm32f1xx_hal_tim_ex.o
 .debug_ranges  0x0000000000000570       0x70 build/stm32f1xx_hal_adc_ex.o
 .debug_ranges  0x00000000000005e0       0x80 build/stm32f1xx_hal_cortex.o
 .debug_ranges  0x0000000000000660       0x48 build/stm32f1xx_hal_gpio.o
 .debug_ranges  0x00000000000006a8       0x38 build/stm32f1xx_hal_rcc_ex.o
 .debug_ranges  0x00000000000006e0       0xd0 build/stm32f1xx_hal.o
 .debug_ranges  0x00000000000007b0       0xe0 build/stm32f1xx_hal_adc.o
 .debug_ranges  0x0000000000000890       0x38 build/main.o
 .debug_ranges  0x00000000000008c8       0x18 build/system_stm32f1xx.o
 .debug_ranges  0x00000000000008e0       0x50 build/stm32f1xx_it.o
 .debug_ranges  0x0000000000000930       0x38 build/stm32f1xx_hal_msp.o
 .debug_ranges  0x0000000000000968       0x20 build/startup_stm32f103xb.o

.debug_line     0x0000000000000000     0x41f1
 .debug_line    0x0000000000000000      0x517 build/stm32f1xx_hal_rcc.o
 .debug_line    0x0000000000000517     0x120c build/stm32f1xx_hal_tim.o
 .debug_line    0x0000000000001723      0x7db build/stm32f1xx_hal_tim_ex.o
 .debug_line    0x0000000000001efe      0x5aa build/stm32f1xx_hal_adc_ex.o
 .debug_line    0x00000000000024a8      0x326 build/stm32f1xx_hal_cortex.o
 .debug_line    0x00000000000027ce      0x32a build/stm32f1xx_hal_gpio.o
 .debug_line    0x0000000000002af8      0x2b8 build/stm32f1xx_hal_rcc_ex.o
 .debug_line    0x0000000000002db0      0x3b1 build/stm32f1xx_hal.o
 .debug_line    0x0000000000003161      0x738 build/stm32f1xx_hal_adc.o
 .debug_line    0x0000000000003899      0x309 build/main.o
 .debug_line    0x0000000000003ba2      0x19a build/system_stm32f1xx.o
 .debug_line    0x0000000000003d3c      0x1d0 build/stm32f1xx_it.o
 .debug_line    0x0000000000003f0c      0x26b build/stm32f1xx_hal_msp.o
 .debug_line    0x0000000000004177       0x7a build/startup_stm32f103xb.o

.debug_str      0x0000000000000000     0x3189
 .debug_str     0x0000000000000000      0x5ec build/stm32f1xx_hal_rcc.o
                                        0x661 (size before relaxing)
 .debug_str     0x00000000000005ec     0x11c6 build/stm32f1xx_hal_tim.o
                                       0x1467 (size before relaxing)
 .debug_str     0x00000000000017b2      0x545 build/stm32f1xx_hal_tim_ex.o
                                        0xc7f (size before relaxing)
 .debug_str     0x0000000000001cf7      0x452 build/stm32f1xx_hal_adc_ex.o
                                        0x8aa (size before relaxing)
 .debug_str     0x0000000000002149      0x6f9 build/stm32f1xx_hal_cortex.o
                                        0x8f7 (size before relaxing)
 .debug_str     0x0000000000002842      0x179 build/stm32f1xx_hal_gpio.o
                                        0x436 (size before relaxing)
 .debug_str     0x00000000000029bb      0x10d build/stm32f1xx_hal_rcc_ex.o
                                        0x409 (size before relaxing)
 .debug_str     0x0000000000002ac8      0x26e build/stm32f1xx_hal.o
                                        0x84d (size before relaxing)
 .debug_str     0x0000000000002d36      0x2a4 build/stm32f1xx_hal_adc.o
                                        0x909 (size before relaxing)
 .debug_str     0x0000000000002fda       0x90 build/main.o
                                        0xbb8 (size before relaxing)
 .debug_str     0x000000000000306a       0x4a build/system_stm32f1xx.o
                                        0x2e3 (size before relaxing)
 .debug_str     0x00000000000030b4       0xa3 build/stm32f1xx_it.o
                                        0x253 (size before relaxing)
 .debug_str     0x0000000000003157       0x32 build/stm32f1xx_hal_msp.o
                                        0x81a (size before relaxing)

.comment        0x0000000000000000       0x6e
 .comment       0x0000000000000000       0x6e build/stm32f1xx_hal_rcc.o
                                         0x6f (size before relaxing)
 .comment       0x000000000000006e       0x6f build/stm32f1xx_hal_tim.o
 .comment       0x000000000000006e       0x6f build/stm32f1xx_hal_tim_ex.o
 .comment       0x000000000000006e       0x6f build/stm32f1xx_hal_adc_ex.o
 .comment       0x000000000000006e       0x6f build/stm32f1xx_hal_cortex.o
 .comment       0x000000000000006e       0x6f build/stm32f1xx_hal_gpio.o
 .comment       0x000000000000006e       0x6f build/stm32f1xx_hal_rcc_ex.o
 .comment       0x000000000000006e       0x6f build/stm32f1xx_hal.o
 .comment       0x000000000000006e       0x6f build/stm32f1xx_hal_adc.o
 .comment       0x000000000000006e       0x6f build/main.o
 .comment       0x000000000000006e       0x6f build/system_stm32f1xx.o
 .comment       0x000000000000006e       0x6f build/stm32f1xx_it.o
 .comment       0x000000000000006e       0x6f build/stm32f1xx_hal_msp.o

.debug_frame    0x0000000000000000     0x1e2c
 .debug_frame   0x0000000000000000      0x1c8 build/stm32f1xx_hal_rcc.o
 .debug_frame   0x00000000000001c8      0xbe0 build/stm32f1xx_hal_tim.o
 .debug_frame   0x0000000000000da8      0x470 build/stm32f1xx_hal_tim_ex.o
 .debug_frame   0x0000000000001218      0x1f0 build/stm32f1xx_hal_adc_ex.o
 .debug_frame   0x0000000000001408      0x134 build/stm32f1xx_hal_cortex.o
 .debug_frame   0x000000000000153c       0xd4 build/stm32f1xx_hal_gpio.o
 .debug_frame   0x0000000000001610       0x70 build/stm32f1xx_hal_rcc_ex.o
 .debug_frame   0x0000000000001680      0x1f0 build/stm32f1xx_hal.o
 .debug_frame   0x0000000000001870      0x32c build/stm32f1xx_hal_adc.o
 .debug_frame   0x0000000000001b9c       0xc4 build/main.o
 .debug_frame   0x0000000000001c60       0x30 build/system_stm32f1xx.o
 .debug_frame   0x0000000000001c90       0xac build/stm32f1xx_it.o
 .debug_frame   0x0000000000001d3c       0xa4 build/stm32f1xx_hal_msp.o
 .debug_frame   0x0000000000001de0       0x2c /usr/local/Cellar/gcc-arm-none-eabi/20160928/bin/../lib/gcc/arm-none-eabi/5.4.1/../../../../arm-none-eabi/lib/armv7-m/libc_nano.a(lib_a-init.o)
 .debug_frame   0x0000000000001e0c       0x20 /usr/local/Cellar/gcc-arm-none-eabi/20160928/bin/../lib/gcc/arm-none-eabi/5.4.1/../../../../arm-none-eabi/lib/armv7-m/libc_nano.a(lib_a-memset.o)

Cross Reference Table

Symbol                                            File
ADC1_2_IRQHandler                                 build/startup_stm32f103xb.o
ADC_ConversionStop_Disable                        build/stm32f1xx_hal_adc.o
                                                  build/stm32f1xx_hal_adc_ex.o
ADC_DMAConvCplt                                   build/stm32f1xx_hal_adc.o
                                                  build/stm32f1xx_hal_adc_ex.o
ADC_DMAError                                      build/stm32f1xx_hal_adc.o
                                                  build/stm32f1xx_hal_adc_ex.o
ADC_DMAHalfConvCplt                               build/stm32f1xx_hal_adc.o
                                                  build/stm32f1xx_hal_adc_ex.o
ADC_Enable                                        build/stm32f1xx_hal_adc.o
                                                  build/stm32f1xx_hal_adc_ex.o
AHBPrescTable                                     build/system_stm32f1xx.o
                                                  build/stm32f1xx_hal_rcc.o
APBPrescTable                                     build/system_stm32f1xx.o
                                                  build/stm32f1xx_hal_rcc.o
BusFault_Handler                                  build/stm32f1xx_it.o
CAN1_RX1_IRQHandler                               build/startup_stm32f103xb.o
CAN1_SCE_IRQHandler                               build/startup_stm32f103xb.o
DMA1_Channel1_IRQHandler                          build/startup_stm32f103xb.o
DMA1_Channel2_IRQHandler                          build/startup_stm32f103xb.o
DMA1_Channel3_IRQHandler                          build/startup_stm32f103xb.o
DMA1_Channel4_IRQHandler                          build/startup_stm32f103xb.o
DMA1_Channel5_IRQHandler                          build/startup_stm32f103xb.o
DMA1_Channel6_IRQHandler                          build/startup_stm32f103xb.o
DMA1_Channel7_IRQHandler                          build/startup_stm32f103xb.o
DebugMon_Handler                                  build/stm32f1xx_it.o
Default_Handler                                   build/startup_stm32f103xb.o
EXTI0_IRQHandler                                  build/startup_stm32f103xb.o
EXTI15_10_IRQHandler                              build/startup_stm32f103xb.o
EXTI1_IRQHandler                                  build/startup_stm32f103xb.o
EXTI2_IRQHandler                                  build/startup_stm32f103xb.o
EXTI3_IRQHandler                                  build/startup_stm32f103xb.o
EXTI4_IRQHandler                                  build/startup_stm32f103xb.o
EXTI9_5_IRQHandler                                build/startup_stm32f103xb.o
Error_Handler                                     build/main.o
FLASH_IRQHandler                                  build/startup_stm32f103xb.o
FLASH_PageErase                                   build/stm32f1xx_hal_flash_ex.o
                                                  build/stm32f1xx_hal_flash.o
FLASH_WaitForLastOperation                        build/stm32f1xx_hal_flash.o
                                                  build/stm32f1xx_hal_flash_ex.o
HAL_ADCEx_Calibration_Start                       build/stm32f1xx_hal_adc_ex.o
                                                  build/main.o
HAL_ADCEx_InjectedConfigChannel                   build/stm32f1xx_hal_adc_ex.o
HAL_ADCEx_InjectedConvCpltCallback                build/stm32f1xx_hal_adc_ex.o
                                                  build/stm32f1xx_hal_adc.o
HAL_ADCEx_InjectedGetValue                        build/stm32f1xx_hal_adc_ex.o
HAL_ADCEx_InjectedPollForConversion               build/stm32f1xx_hal_adc_ex.o
HAL_ADCEx_InjectedStart                           build/stm32f1xx_hal_adc_ex.o
HAL_ADCEx_InjectedStart_IT                        build/stm32f1xx_hal_adc_ex.o
HAL_ADCEx_InjectedStop                            build/stm32f1xx_hal_adc_ex.o
HAL_ADCEx_InjectedStop_IT                         build/stm32f1xx_hal_adc_ex.o
HAL_ADCEx_MultiModeConfigChannel                  build/stm32f1xx_hal_adc_ex.o
HAL_ADCEx_MultiModeGetValue                       build/stm32f1xx_hal_adc_ex.o
HAL_ADCEx_MultiModeStart_DMA                      build/stm32f1xx_hal_adc_ex.o
HAL_ADCEx_MultiModeStop_DMA                       build/stm32f1xx_hal_adc_ex.o
HAL_ADC_AnalogWDGConfig                           build/stm32f1xx_hal_adc.o
HAL_ADC_ConfigChannel                             build/stm32f1xx_hal_adc.o
                                                  build/main.o
HAL_ADC_ConvCpltCallback                          build/stm32f1xx_hal_adc.o
HAL_ADC_ConvHalfCpltCallback                      build/stm32f1xx_hal_adc.o
HAL_ADC_DeInit                                    build/stm32f1xx_hal_adc.o
HAL_ADC_ErrorCallback                             build/stm32f1xx_hal_adc.o
HAL_ADC_GetError                                  build/stm32f1xx_hal_adc.o
HAL_ADC_GetState                                  build/stm32f1xx_hal_adc.o
HAL_ADC_GetValue                                  build/stm32f1xx_hal_adc.o
                                                  build/main.o
HAL_ADC_IRQHandler                                build/stm32f1xx_hal_adc.o
HAL_ADC_Init                                      build/stm32f1xx_hal_adc.o
                                                  build/main.o
HAL_ADC_LevelOutOfWindowCallback                  build/stm32f1xx_hal_adc.o
HAL_ADC_MspDeInit                                 build/stm32f1xx_hal_msp.o
                                                  build/stm32f1xx_hal_adc.o
HAL_ADC_MspInit                                   build/stm32f1xx_hal_msp.o
                                                  build/stm32f1xx_hal_adc.o
HAL_ADC_PollForConversion                         build/stm32f1xx_hal_adc.o
                                                  build/main.o
HAL_ADC_PollForEvent                              build/stm32f1xx_hal_adc.o
HAL_ADC_Start                                     build/stm32f1xx_hal_adc.o
                                                  build/main.o
HAL_ADC_Start_DMA                                 build/stm32f1xx_hal_adc.o
HAL_ADC_Start_IT                                  build/stm32f1xx_hal_adc.o
HAL_ADC_Stop                                      build/stm32f1xx_hal_adc.o
HAL_ADC_Stop_DMA                                  build/stm32f1xx_hal_adc.o
HAL_ADC_Stop_IT                                   build/stm32f1xx_hal_adc.o
HAL_DBGMCU_DisableDBGSleepMode                    build/stm32f1xx_hal.o
HAL_DBGMCU_DisableDBGStandbyMode                  build/stm32f1xx_hal.o
HAL_DBGMCU_DisableDBGStopMode                     build/stm32f1xx_hal.o
HAL_DBGMCU_EnableDBGSleepMode                     build/stm32f1xx_hal.o
HAL_DBGMCU_EnableDBGStandbyMode                   build/stm32f1xx_hal.o
HAL_DBGMCU_EnableDBGStopMode                      build/stm32f1xx_hal.o
HAL_DMA_Abort                                     build/stm32f1xx_hal_dma.o
                                                  build/stm32f1xx_hal_adc.o
                                                  build/stm32f1xx_hal_adc_ex.o
HAL_DMA_Abort_IT                                  build/stm32f1xx_hal_dma.o
                                                  build/stm32f1xx_hal_tim_ex.o
                                                  build/stm32f1xx_hal_tim.o
HAL_DMA_DeInit                                    build/stm32f1xx_hal_dma.o
HAL_DMA_GetError                                  build/stm32f1xx_hal_dma.o
HAL_DMA_GetState                                  build/stm32f1xx_hal_dma.o
HAL_DMA_IRQHandler                                build/stm32f1xx_hal_dma.o
HAL_DMA_Init                                      build/stm32f1xx_hal_dma.o
HAL_DMA_PollForTransfer                           build/stm32f1xx_hal_dma.o
HAL_DMA_RegisterCallback                          build/stm32f1xx_hal_dma.o
HAL_DMA_Start                                     build/stm32f1xx_hal_dma.o
HAL_DMA_Start_IT                                  build/stm32f1xx_hal_dma.o
                                                  build/stm32f1xx_hal_adc.o
                                                  build/stm32f1xx_hal_adc_ex.o
                                                  build/stm32f1xx_hal_tim_ex.o
                                                  build/stm32f1xx_hal_tim.o
HAL_DMA_UnRegisterCallback                        build/stm32f1xx_hal_dma.o
HAL_DeInit                                        build/stm32f1xx_hal.o
HAL_Delay                                         build/stm32f1xx_hal.o
                                                  build/main.o
HAL_FLASHEx_Erase                                 build/stm32f1xx_hal_flash_ex.o
HAL_FLASHEx_Erase_IT                              build/stm32f1xx_hal_flash_ex.o
HAL_FLASHEx_OBErase                               build/stm32f1xx_hal_flash_ex.o
HAL_FLASHEx_OBGetConfig                           build/stm32f1xx_hal_flash_ex.o
HAL_FLASHEx_OBGetUserData                         build/stm32f1xx_hal_flash_ex.o
HAL_FLASHEx_OBProgram                             build/stm32f1xx_hal_flash_ex.o
HAL_FLASH_EndOfOperationCallback                  build/stm32f1xx_hal_flash.o
HAL_FLASH_GetError                                build/stm32f1xx_hal_flash.o
HAL_FLASH_IRQHandler                              build/stm32f1xx_hal_flash.o
HAL_FLASH_Lock                                    build/stm32f1xx_hal_flash.o
HAL_FLASH_OB_Launch                               build/stm32f1xx_hal_flash.o
HAL_FLASH_OB_Lock                                 build/stm32f1xx_hal_flash.o
HAL_FLASH_OB_Unlock                               build/stm32f1xx_hal_flash.o
HAL_FLASH_OperationErrorCallback                  build/stm32f1xx_hal_flash.o
HAL_FLASH_Program                                 build/stm32f1xx_hal_flash.o
HAL_FLASH_Program_IT                              build/stm32f1xx_hal_flash.o
HAL_FLASH_Unlock                                  build/stm32f1xx_hal_flash.o
HAL_GPIOEx_ConfigEventout                         build/stm32f1xx_hal_gpio_ex.o
HAL_GPIOEx_DisableEventout                        build/stm32f1xx_hal_gpio_ex.o
HAL_GPIOEx_EnableEventout                         build/stm32f1xx_hal_gpio_ex.o
HAL_GPIO_DeInit                                   build/stm32f1xx_hal_gpio.o
                                                  build/stm32f1xx_hal_msp.o
HAL_GPIO_EXTI_Callback                            build/stm32f1xx_hal_gpio.o
HAL_GPIO_EXTI_IRQHandler                          build/stm32f1xx_hal_gpio.o
HAL_GPIO_Init                                     build/stm32f1xx_hal_gpio.o
                                                  build/stm32f1xx_hal_msp.o
                                                  build/stm32f1xx_hal_rcc.o
HAL_GPIO_LockPin                                  build/stm32f1xx_hal_gpio.o
HAL_GPIO_ReadPin                                  build/stm32f1xx_hal_gpio.o
HAL_GPIO_TogglePin                                build/stm32f1xx_hal_gpio.o
HAL_GPIO_WritePin                                 build/stm32f1xx_hal_gpio.o
HAL_GetDEVID                                      build/stm32f1xx_hal.o
HAL_GetHalVersion                                 build/stm32f1xx_hal.o
HAL_GetREVID                                      build/stm32f1xx_hal.o
HAL_GetTick                                       build/stm32f1xx_hal.o
                                                  build/stm32f1xx_hal_dma.o
                                                  build/stm32f1xx_hal_adc.o
                                                  build/stm32f1xx_hal_rcc_ex.o
                                                  build/stm32f1xx_hal_adc_ex.o
                                                  build/stm32f1xx_hal_rcc.o
                                                  build/stm32f1xx_hal_flash.o
HAL_GetTickFreq                                   build/stm32f1xx_hal.o
HAL_GetTickPrio                                   build/stm32f1xx_hal.o
HAL_GetUIDw0                                      build/stm32f1xx_hal.o
HAL_GetUIDw1                                      build/stm32f1xx_hal.o
HAL_GetUIDw2                                      build/stm32f1xx_hal.o
HAL_IncTick                                       build/stm32f1xx_hal.o
                                                  build/stm32f1xx_it.o
HAL_Init                                          build/stm32f1xx_hal.o
                                                  build/main.o
HAL_InitTick                                      build/stm32f1xx_hal.o
                                                  build/stm32f1xx_hal_rcc.o
HAL_MspDeInit                                     build/stm32f1xx_hal.o
HAL_MspInit                                       build/stm32f1xx_hal_msp.o
                                                  build/stm32f1xx_hal.o
HAL_NVIC_ClearPendingIRQ                          build/stm32f1xx_hal_cortex.o
HAL_NVIC_DisableIRQ                               build/stm32f1xx_hal_cortex.o
HAL_NVIC_EnableIRQ                                build/stm32f1xx_hal_cortex.o
HAL_NVIC_GetActive                                build/stm32f1xx_hal_cortex.o
HAL_NVIC_GetPendingIRQ                            build/stm32f1xx_hal_cortex.o
HAL_NVIC_GetPriority                              build/stm32f1xx_hal_cortex.o
HAL_NVIC_GetPriorityGrouping                      build/stm32f1xx_hal_cortex.o
HAL_NVIC_SetPendingIRQ                            build/stm32f1xx_hal_cortex.o
HAL_NVIC_SetPriority                              build/stm32f1xx_hal_cortex.o
                                                  build/stm32f1xx_hal.o
HAL_NVIC_SetPriorityGrouping                      build/stm32f1xx_hal_cortex.o
                                                  build/stm32f1xx_hal.o
HAL_NVIC_SystemReset                              build/stm32f1xx_hal_cortex.o
                                                  build/stm32f1xx_hal_flash.o
HAL_PWR_ConfigPVD                                 build/stm32f1xx_hal_pwr.o
HAL_PWR_DeInit                                    build/stm32f1xx_hal_pwr.o
HAL_PWR_DisableBkUpAccess                         build/stm32f1xx_hal_pwr.o
HAL_PWR_DisablePVD                                build/stm32f1xx_hal_pwr.o
HAL_PWR_DisableSEVOnPend                          build/stm32f1xx_hal_pwr.o
HAL_PWR_DisableSleepOnExit                        build/stm32f1xx_hal_pwr.o
HAL_PWR_DisableWakeUpPin                          build/stm32f1xx_hal_pwr.o
HAL_PWR_EnableBkUpAccess                          build/stm32f1xx_hal_pwr.o
HAL_PWR_EnablePVD                                 build/stm32f1xx_hal_pwr.o
HAL_PWR_EnableSEVOnPend                           build/stm32f1xx_hal_pwr.o
HAL_PWR_EnableSleepOnExit                         build/stm32f1xx_hal_pwr.o
HAL_PWR_EnableWakeUpPin                           build/stm32f1xx_hal_pwr.o
HAL_PWR_EnterSLEEPMode                            build/stm32f1xx_hal_pwr.o
HAL_PWR_EnterSTANDBYMode                          build/stm32f1xx_hal_pwr.o
HAL_PWR_EnterSTOPMode                             build/stm32f1xx_hal_pwr.o
HAL_PWR_PVDCallback                               build/stm32f1xx_hal_pwr.o
HAL_PWR_PVD_IRQHandler                            build/stm32f1xx_hal_pwr.o
HAL_RCCEx_GetPeriphCLKConfig                      build/stm32f1xx_hal_rcc_ex.o
HAL_RCCEx_GetPeriphCLKFreq                        build/stm32f1xx_hal_rcc_ex.o
                                                  build/stm32f1xx_hal_adc.o
                                                  build/stm32f1xx_hal_adc_ex.o
HAL_RCCEx_PeriphCLKConfig                         build/stm32f1xx_hal_rcc_ex.o
                                                  build/main.o
HAL_RCC_CSSCallback                               build/stm32f1xx_hal_rcc.o
HAL_RCC_ClockConfig                               build/stm32f1xx_hal_rcc.o
                                                  build/main.o
HAL_RCC_DeInit                                    build/stm32f1xx_hal_rcc.o
HAL_RCC_DisableCSS                                build/stm32f1xx_hal_rcc.o
HAL_RCC_EnableCSS                                 build/stm32f1xx_hal_rcc.o
HAL_RCC_GetClockConfig                            build/stm32f1xx_hal_rcc.o
HAL_RCC_GetHCLKFreq                               build/stm32f1xx_hal_rcc.o
HAL_RCC_GetOscConfig                              build/stm32f1xx_hal_rcc.o
HAL_RCC_GetPCLK1Freq                              build/stm32f1xx_hal_rcc.o
HAL_RCC_GetPCLK2Freq                              build/stm32f1xx_hal_rcc.o
                                                  build/stm32f1xx_hal_rcc_ex.o
HAL_RCC_GetSysClockFreq                           build/stm32f1xx_hal_rcc.o
HAL_RCC_MCOConfig                                 build/stm32f1xx_hal_rcc.o
HAL_RCC_NMI_IRQHandler                            build/stm32f1xx_hal_rcc.o
HAL_RCC_OscConfig                                 build/stm32f1xx_hal_rcc.o
                                                  build/main.o
HAL_ResumeTick                                    build/stm32f1xx_hal.o
HAL_SYSTICK_CLKSourceConfig                       build/stm32f1xx_hal_cortex.o
HAL_SYSTICK_Callback                              build/stm32f1xx_hal_cortex.o
HAL_SYSTICK_Config                                build/stm32f1xx_hal_cortex.o
                                                  build/stm32f1xx_hal.o
HAL_SYSTICK_IRQHandler                            build/stm32f1xx_hal_cortex.o
HAL_SetTickFreq                                   build/stm32f1xx_hal.o
HAL_SuspendTick                                   build/stm32f1xx_hal.o
HAL_TIMEx_BreakCallback                           build/stm32f1xx_hal_tim_ex.o
                                                  build/stm32f1xx_hal_tim.o
HAL_TIMEx_CommutCallback                          build/stm32f1xx_hal_tim_ex.o
                                                  build/stm32f1xx_hal_tim.o
HAL_TIMEx_CommutHalfCpltCallback                  build/stm32f1xx_hal_tim_ex.o
HAL_TIMEx_ConfigBreakDeadTime                     build/stm32f1xx_hal_tim_ex.o
HAL_TIMEx_ConfigCommutEvent                       build/stm32f1xx_hal_tim_ex.o
HAL_TIMEx_ConfigCommutEvent_DMA                   build/stm32f1xx_hal_tim_ex.o
HAL_TIMEx_ConfigCommutEvent_IT                    build/stm32f1xx_hal_tim_ex.o
HAL_TIMEx_HallSensor_DeInit                       build/stm32f1xx_hal_tim_ex.o
HAL_TIMEx_HallSensor_GetState                     build/stm32f1xx_hal_tim_ex.o
HAL_TIMEx_HallSensor_Init                         build/stm32f1xx_hal_tim_ex.o
HAL_TIMEx_HallSensor_MspDeInit                    build/stm32f1xx_hal_tim_ex.o
HAL_TIMEx_HallSensor_MspInit                      build/stm32f1xx_hal_tim_ex.o
HAL_TIMEx_HallSensor_Start                        build/stm32f1xx_hal_tim_ex.o
HAL_TIMEx_HallSensor_Start_DMA                    build/stm32f1xx_hal_tim_ex.o
HAL_TIMEx_HallSensor_Start_IT                     build/stm32f1xx_hal_tim_ex.o
HAL_TIMEx_HallSensor_Stop                         build/stm32f1xx_hal_tim_ex.o
HAL_TIMEx_HallSensor_Stop_DMA                     build/stm32f1xx_hal_tim_ex.o
HAL_TIMEx_HallSensor_Stop_IT                      build/stm32f1xx_hal_tim_ex.o
HAL_TIMEx_MasterConfigSynchronization             build/stm32f1xx_hal_tim_ex.o
                                                  build/main.o
HAL_TIMEx_OCN_Start                               build/stm32f1xx_hal_tim_ex.o
HAL_TIMEx_OCN_Start_DMA                           build/stm32f1xx_hal_tim_ex.o
HAL_TIMEx_OCN_Start_IT                            build/stm32f1xx_hal_tim_ex.o
HAL_TIMEx_OCN_Stop                                build/stm32f1xx_hal_tim_ex.o
HAL_TIMEx_OCN_Stop_DMA                            build/stm32f1xx_hal_tim_ex.o
HAL_TIMEx_OCN_Stop_IT                             build/stm32f1xx_hal_tim_ex.o
HAL_TIMEx_OnePulseN_Start                         build/stm32f1xx_hal_tim_ex.o
HAL_TIMEx_OnePulseN_Start_IT                      build/stm32f1xx_hal_tim_ex.o
HAL_TIMEx_OnePulseN_Stop                          build/stm32f1xx_hal_tim_ex.o
HAL_TIMEx_OnePulseN_Stop_IT                       build/stm32f1xx_hal_tim_ex.o
HAL_TIMEx_PWMN_Start                              build/stm32f1xx_hal_tim_ex.o
HAL_TIMEx_PWMN_Start_DMA                          build/stm32f1xx_hal_tim_ex.o
HAL_TIMEx_PWMN_Start_IT                           build/stm32f1xx_hal_tim_ex.o
HAL_TIMEx_PWMN_Stop                               build/stm32f1xx_hal_tim_ex.o
HAL_TIMEx_PWMN_Stop_DMA                           build/stm32f1xx_hal_tim_ex.o
HAL_TIMEx_PWMN_Stop_IT                            build/stm32f1xx_hal_tim_ex.o
HAL_TIMEx_RemapConfig                             build/stm32f1xx_hal_tim_ex.o
HAL_TIM_Base_DeInit                               build/stm32f1xx_hal_tim.o
HAL_TIM_Base_GetState                             build/stm32f1xx_hal_tim.o
HAL_TIM_Base_Init                                 build/stm32f1xx_hal_tim.o
                                                  build/main.o
HAL_TIM_Base_MspDeInit                            build/stm32f1xx_hal_msp.o
                                                  build/stm32f1xx_hal_tim.o
HAL_TIM_Base_MspInit                              build/stm32f1xx_hal_msp.o
                                                  build/stm32f1xx_hal_tim.o
HAL_TIM_Base_Start                                build/stm32f1xx_hal_tim.o
HAL_TIM_Base_Start_DMA                            build/stm32f1xx_hal_tim.o
HAL_TIM_Base_Start_IT                             build/stm32f1xx_hal_tim.o
HAL_TIM_Base_Stop                                 build/stm32f1xx_hal_tim.o
HAL_TIM_Base_Stop_DMA                             build/stm32f1xx_hal_tim.o
HAL_TIM_Base_Stop_IT                              build/stm32f1xx_hal_tim.o
HAL_TIM_ConfigClockSource                         build/stm32f1xx_hal_tim.o
                                                  build/main.o
HAL_TIM_ConfigOCrefClear                          build/stm32f1xx_hal_tim.o
HAL_TIM_ConfigTI1Input                            build/stm32f1xx_hal_tim.o
HAL_TIM_DMABurst_ReadStart                        build/stm32f1xx_hal_tim.o
HAL_TIM_DMABurst_ReadStop                         build/stm32f1xx_hal_tim.o
HAL_TIM_DMABurst_WriteStart                       build/stm32f1xx_hal_tim.o
HAL_TIM_DMABurst_WriteStop                        build/stm32f1xx_hal_tim.o
HAL_TIM_Encoder_DeInit                            build/stm32f1xx_hal_tim.o
HAL_TIM_Encoder_GetState                          build/stm32f1xx_hal_tim.o
HAL_TIM_Encoder_Init                              build/stm32f1xx_hal_tim.o
HAL_TIM_Encoder_MspDeInit                         build/stm32f1xx_hal_tim.o
HAL_TIM_Encoder_MspInit                           build/stm32f1xx_hal_tim.o
HAL_TIM_Encoder_Start                             build/stm32f1xx_hal_tim.o
HAL_TIM_Encoder_Start_DMA                         build/stm32f1xx_hal_tim.o
HAL_TIM_Encoder_Start_IT                          build/stm32f1xx_hal_tim.o
HAL_TIM_Encoder_Stop                              build/stm32f1xx_hal_tim.o
HAL_TIM_Encoder_Stop_DMA                          build/stm32f1xx_hal_tim.o
HAL_TIM_Encoder_Stop_IT                           build/stm32f1xx_hal_tim.o
HAL_TIM_ErrorCallback                             build/stm32f1xx_hal_tim.o
HAL_TIM_GenerateEvent                             build/stm32f1xx_hal_tim.o
HAL_TIM_IC_CaptureCallback                        build/stm32f1xx_hal_tim.o
HAL_TIM_IC_CaptureHalfCpltCallback                build/stm32f1xx_hal_tim.o
HAL_TIM_IC_ConfigChannel                          build/stm32f1xx_hal_tim.o
HAL_TIM_IC_DeInit                                 build/stm32f1xx_hal_tim.o
HAL_TIM_IC_GetState                               build/stm32f1xx_hal_tim.o
HAL_TIM_IC_Init                                   build/stm32f1xx_hal_tim.o
HAL_TIM_IC_MspDeInit                              build/stm32f1xx_hal_tim.o
HAL_TIM_IC_MspInit                                build/stm32f1xx_hal_tim.o
HAL_TIM_IC_Start                                  build/stm32f1xx_hal_tim.o
HAL_TIM_IC_Start_DMA                              build/stm32f1xx_hal_tim.o
HAL_TIM_IC_Start_IT                               build/stm32f1xx_hal_tim.o
HAL_TIM_IC_Stop                                   build/stm32f1xx_hal_tim.o
HAL_TIM_IC_Stop_DMA                               build/stm32f1xx_hal_tim.o
HAL_TIM_IC_Stop_IT                                build/stm32f1xx_hal_tim.o
HAL_TIM_IRQHandler                                build/stm32f1xx_hal_tim.o
HAL_TIM_MspPostInit                               build/stm32f1xx_hal_msp.o
                                                  build/main.o
HAL_TIM_OC_ConfigChannel                          build/stm32f1xx_hal_tim.o
HAL_TIM_OC_DeInit                                 build/stm32f1xx_hal_tim.o
HAL_TIM_OC_DelayElapsedCallback                   build/stm32f1xx_hal_tim.o
HAL_TIM_OC_GetState                               build/stm32f1xx_hal_tim.o
HAL_TIM_OC_Init                                   build/stm32f1xx_hal_tim.o
HAL_TIM_OC_MspDeInit                              build/stm32f1xx_hal_tim.o
HAL_TIM_OC_MspInit                                build/stm32f1xx_hal_tim.o
HAL_TIM_OC_Start                                  build/stm32f1xx_hal_tim.o
HAL_TIM_OC_Start_DMA                              build/stm32f1xx_hal_tim.o
HAL_TIM_OC_Start_IT                               build/stm32f1xx_hal_tim.o
HAL_TIM_OC_Stop                                   build/stm32f1xx_hal_tim.o
HAL_TIM_OC_Stop_DMA                               build/stm32f1xx_hal_tim.o
HAL_TIM_OC_Stop_IT                                build/stm32f1xx_hal_tim.o
HAL_TIM_OnePulse_ConfigChannel                    build/stm32f1xx_hal_tim.o
HAL_TIM_OnePulse_DeInit                           build/stm32f1xx_hal_tim.o
HAL_TIM_OnePulse_GetState                         build/stm32f1xx_hal_tim.o
HAL_TIM_OnePulse_Init                             build/stm32f1xx_hal_tim.o
HAL_TIM_OnePulse_MspDeInit                        build/stm32f1xx_hal_tim.o
HAL_TIM_OnePulse_MspInit                          build/stm32f1xx_hal_tim.o
HAL_TIM_OnePulse_Start                            build/stm32f1xx_hal_tim.o
HAL_TIM_OnePulse_Start_IT                         build/stm32f1xx_hal_tim.o
HAL_TIM_OnePulse_Stop                             build/stm32f1xx_hal_tim.o
HAL_TIM_OnePulse_Stop_IT                          build/stm32f1xx_hal_tim.o
HAL_TIM_PWM_ConfigChannel                         build/stm32f1xx_hal_tim.o
                                                  build/main.o
HAL_TIM_PWM_DeInit                                build/stm32f1xx_hal_tim.o
HAL_TIM_PWM_GetState                              build/stm32f1xx_hal_tim.o
HAL_TIM_PWM_Init                                  build/stm32f1xx_hal_tim.o
                                                  build/main.o
HAL_TIM_PWM_MspDeInit                             build/stm32f1xx_hal_tim.o
HAL_TIM_PWM_MspInit                               build/stm32f1xx_hal_tim.o
HAL_TIM_PWM_PulseFinishedCallback                 build/stm32f1xx_hal_tim.o
HAL_TIM_PWM_PulseFinishedHalfCpltCallback         build/stm32f1xx_hal_tim.o
HAL_TIM_PWM_Start                                 build/stm32f1xx_hal_tim.o
                                                  build/main.o
HAL_TIM_PWM_Start_DMA                             build/stm32f1xx_hal_tim.o
HAL_TIM_PWM_Start_IT                              build/stm32f1xx_hal_tim.o
HAL_TIM_PWM_Stop                                  build/stm32f1xx_hal_tim.o
HAL_TIM_PWM_Stop_DMA                              build/stm32f1xx_hal_tim.o
HAL_TIM_PWM_Stop_IT                               build/stm32f1xx_hal_tim.o
HAL_TIM_PeriodElapsedCallback                     build/stm32f1xx_hal_tim.o
HAL_TIM_PeriodElapsedHalfCpltCallback             build/stm32f1xx_hal_tim.o
HAL_TIM_ReadCapturedValue                         build/stm32f1xx_hal_tim.o
HAL_TIM_SlaveConfigSynchro                        build/stm32f1xx_hal_tim.o
HAL_TIM_SlaveConfigSynchro_IT                     build/stm32f1xx_hal_tim.o
HAL_TIM_TriggerCallback                           build/stm32f1xx_hal_tim.o
HAL_TIM_TriggerHalfCpltCallback                   build/stm32f1xx_hal_tim.o
HardFault_Handler                                 build/stm32f1xx_it.o
I2C1_ER_IRQHandler                                build/startup_stm32f103xb.o
I2C1_EV_IRQHandler                                build/startup_stm32f103xb.o
I2C2_ER_IRQHandler                                build/startup_stm32f103xb.o
I2C2_EV_IRQHandler                                build/startup_stm32f103xb.o
MemManage_Handler                                 build/stm32f1xx_it.o
NMI_Handler                                       build/stm32f1xx_it.o
PVD_IRQHandler                                    build/startup_stm32f103xb.o
PendSV_Handler                                    build/stm32f1xx_it.o
RCC_IRQHandler                                    build/startup_stm32f103xb.o
RTC_Alarm_IRQHandler                              build/startup_stm32f103xb.o
RTC_IRQHandler                                    build/startup_stm32f103xb.o
Reset_Handler                                     build/startup_stm32f103xb.o
SPI1_IRQHandler                                   build/startup_stm32f103xb.o
SPI2_IRQHandler                                   build/startup_stm32f103xb.o
SVC_Handler                                       build/stm32f1xx_it.o
SysTick_Handler                                   build/stm32f1xx_it.o
SystemClock_Config                                build/main.o
SystemCoreClock                                   build/system_stm32f1xx.o
                                                  build/stm32f1xx_hal_adc.o
                                                  build/stm32f1xx_hal.o
                                                  build/stm32f1xx_hal_adc_ex.o
                                                  build/stm32f1xx_hal_rcc.o
SystemCoreClockUpdate                             build/system_stm32f1xx.o
SystemInit                                        build/system_stm32f1xx.o
                                                  build/startup_stm32f103xb.o
TAMPER_IRQHandler                                 build/startup_stm32f103xb.o
TIM1_BRK_IRQHandler                               build/startup_stm32f103xb.o
TIM1_CC_IRQHandler                                build/startup_stm32f103xb.o
TIM1_TRG_COM_IRQHandler                           build/startup_stm32f103xb.o
TIM1_UP_IRQHandler                                build/startup_stm32f103xb.o
TIM2_IRQHandler                                   build/startup_stm32f103xb.o
TIM3_IRQHandler                                   build/startup_stm32f103xb.o
TIM4_IRQHandler                                   build/startup_stm32f103xb.o
TIMEx_DMACommutationCplt                          build/stm32f1xx_hal_tim_ex.o
                                                  build/stm32f1xx_hal_tim.o
TIMEx_DMACommutationHalfCplt                      build/stm32f1xx_hal_tim_ex.o
                                                  build/stm32f1xx_hal_tim.o
TIM_Base_SetConfig                                build/stm32f1xx_hal_tim.o
                                                  build/stm32f1xx_hal_tim_ex.o
TIM_CCxChannelCmd                                 build/stm32f1xx_hal_tim.o
                                                  build/stm32f1xx_hal_tim_ex.o
TIM_DMACaptureCplt                                build/stm32f1xx_hal_tim.o
                                                  build/stm32f1xx_hal_tim_ex.o
TIM_DMACaptureHalfCplt                            build/stm32f1xx_hal_tim.o
                                                  build/stm32f1xx_hal_tim_ex.o
TIM_DMADelayPulseCplt                             build/stm32f1xx_hal_tim.o
                                                  build/stm32f1xx_hal_tim_ex.o
TIM_DMADelayPulseHalfCplt                         build/stm32f1xx_hal_tim.o
                                                  build/stm32f1xx_hal_tim_ex.o
TIM_DMAError                                      build/stm32f1xx_hal_tim.o
                                                  build/stm32f1xx_hal_tim_ex.o
TIM_ETR_SetConfig                                 build/stm32f1xx_hal_tim.o
TIM_OC2_SetConfig                                 build/stm32f1xx_hal_tim.o
                                                  build/stm32f1xx_hal_tim_ex.o
TIM_TI1_SetConfig                                 build/stm32f1xx_hal_tim.o
                                                  build/stm32f1xx_hal_tim_ex.o
USART1_IRQHandler                                 build/startup_stm32f103xb.o
USART2_IRQHandler                                 build/startup_stm32f103xb.o
USART3_IRQHandler                                 build/startup_stm32f103xb.o
USBWakeUp_IRQHandler                              build/startup_stm32f103xb.o
USB_HP_CAN1_TX_IRQHandler                         build/startup_stm32f103xb.o
USB_LP_CAN1_RX0_IRQHandler                        build/startup_stm32f103xb.o
UsageFault_Handler                                build/stm32f1xx_it.o
WWDG_IRQHandler                                   build/startup_stm32f103xb.o
_Jv_RegisterClasses                               /usr/local/Cellar/gcc-arm-none-eabi/20160928/bin/../lib/gcc/arm-none-eabi/5.4.1/armv7-m/crtbegin.o
__bss_end__                                       /usr/local/Cellar/gcc-arm-none-eabi/20160928/bin/../lib/gcc/arm-none-eabi/5.4.1/../../../../arm-none-eabi/lib/armv7-m/crt0.o
__bss_start__                                     /usr/local/Cellar/gcc-arm-none-eabi/20160928/bin/../lib/gcc/arm-none-eabi/5.4.1/../../../../arm-none-eabi/lib/armv7-m/crt0.o
__call_exitprocs                                  /usr/local/Cellar/gcc-arm-none-eabi/20160928/bin/../lib/gcc/arm-none-eabi/5.4.1/../../../../arm-none-eabi/lib/armv7-m/libc_nano.a(lib_a-exit.o)
__deregister_frame_info                           /usr/local/Cellar/gcc-arm-none-eabi/20160928/bin/../lib/gcc/arm-none-eabi/5.4.1/armv7-m/crtbegin.o
__dso_handle                                      /usr/local/Cellar/gcc-arm-none-eabi/20160928/bin/../lib/gcc/arm-none-eabi/5.4.1/armv7-m/crtbegin.o
__env                                             build/syscalls.o
__errno                                           /usr/local/Cellar/gcc-arm-none-eabi/20160928/bin/../lib/gcc/arm-none-eabi/5.4.1/../../../../arm-none-eabi/lib/armv7-m/libc_nano.a(lib_a-errno.o)
                                                  build/syscalls.o
                                                  build/sysmem.o
__init_array_end                                  /usr/local/Cellar/gcc-arm-none-eabi/20160928/bin/../lib/gcc/arm-none-eabi/5.4.1/../../../../arm-none-eabi/lib/armv7-m/libc_nano.a(lib_a-init.o)
__init_array_start                                /usr/local/Cellar/gcc-arm-none-eabi/20160928/bin/../lib/gcc/arm-none-eabi/5.4.1/../../../../arm-none-eabi/lib/armv7-m/libc_nano.a(lib_a-init.o)
__io_getchar                                      build/syscalls.o
__io_putchar                                      build/syscalls.o
__libc_fini_array                                 /usr/local/Cellar/gcc-arm-none-eabi/20160928/bin/../lib/gcc/arm-none-eabi/5.4.1/../../../../arm-none-eabi/lib/armv7-m/crt0.o
__libc_init_array                                 /usr/local/Cellar/gcc-arm-none-eabi/20160928/bin/../lib/gcc/arm-none-eabi/5.4.1/../../../../arm-none-eabi/lib/armv7-m/libc_nano.a(lib_a-init.o)
                                                  build/startup_stm32f103xb.o
                                                  /usr/local/Cellar/gcc-arm-none-eabi/20160928/bin/../lib/gcc/arm-none-eabi/5.4.1/../../../../arm-none-eabi/lib/armv7-m/crt0.o
__preinit_array_end                               /usr/local/Cellar/gcc-arm-none-eabi/20160928/bin/../lib/gcc/arm-none-eabi/5.4.1/../../../../arm-none-eabi/lib/armv7-m/libc_nano.a(lib_a-init.o)
__preinit_array_start                             /usr/local/Cellar/gcc-arm-none-eabi/20160928/bin/../lib/gcc/arm-none-eabi/5.4.1/../../../../arm-none-eabi/lib/armv7-m/libc_nano.a(lib_a-init.o)
__register_frame_info                             /usr/local/Cellar/gcc-arm-none-eabi/20160928/bin/../lib/gcc/arm-none-eabi/5.4.1/armv7-m/crtbegin.o
__sf_fake_stderr                                  /usr/local/Cellar/gcc-arm-none-eabi/20160928/bin/../lib/gcc/arm-none-eabi/5.4.1/../../../../arm-none-eabi/lib/armv7-m/libc_nano.a(lib_a-impure.o)
__sf_fake_stdin                                   /usr/local/Cellar/gcc-arm-none-eabi/20160928/bin/../lib/gcc/arm-none-eabi/5.4.1/../../../../arm-none-eabi/lib/armv7-m/libc_nano.a(lib_a-impure.o)
__sf_fake_stdout                                  /usr/local/Cellar/gcc-arm-none-eabi/20160928/bin/../lib/gcc/arm-none-eabi/5.4.1/../../../../arm-none-eabi/lib/armv7-m/libc_nano.a(lib_a-impure.o)
__stack                                           /usr/local/Cellar/gcc-arm-none-eabi/20160928/bin/../lib/gcc/arm-none-eabi/5.4.1/../../../../arm-none-eabi/lib/armv7-m/crt0.o
_close                                            build/syscalls.o
_ebss                                             build/startup_stm32f103xb.o
_edata                                            build/startup_stm32f103xb.o
_estack                                           build/startup_stm32f103xb.o
_execve                                           build/syscalls.o
_exit                                             build/syscalls.o
                                                  /usr/local/Cellar/gcc-arm-none-eabi/20160928/bin/../lib/gcc/arm-none-eabi/5.4.1/../../../../arm-none-eabi/lib/armv7-m/libc_nano.a(lib_a-exit.o)
_fini                                             /usr/local/Cellar/gcc-arm-none-eabi/20160928/bin/../lib/gcc/arm-none-eabi/5.4.1/armv7-m/crti.o
_fork                                             build/syscalls.o
_fstat                                            build/syscalls.o
_getpid                                           build/syscalls.o
_global_impure_ptr                                /usr/local/Cellar/gcc-arm-none-eabi/20160928/bin/../lib/gcc/arm-none-eabi/5.4.1/../../../../arm-none-eabi/lib/armv7-m/libc_nano.a(lib_a-impure.o)
                                                  /usr/local/Cellar/gcc-arm-none-eabi/20160928/bin/../lib/gcc/arm-none-eabi/5.4.1/../../../../arm-none-eabi/lib/armv7-m/libc_nano.a(lib_a-exit.o)
_impure_ptr                                       /usr/local/Cellar/gcc-arm-none-eabi/20160928/bin/../lib/gcc/arm-none-eabi/5.4.1/../../../../arm-none-eabi/lib/armv7-m/libc_nano.a(lib_a-impure.o)
                                                  /usr/local/Cellar/gcc-arm-none-eabi/20160928/bin/../lib/gcc/arm-none-eabi/5.4.1/../../../../arm-none-eabi/lib/armv7-m/libc_nano.a(lib_a-errno.o)
_init                                             /usr/local/Cellar/gcc-arm-none-eabi/20160928/bin/../lib/gcc/arm-none-eabi/5.4.1/armv7-m/crti.o
                                                  /usr/local/Cellar/gcc-arm-none-eabi/20160928/bin/../lib/gcc/arm-none-eabi/5.4.1/../../../../arm-none-eabi/lib/armv7-m/libc_nano.a(lib_a-init.o)
_isatty                                           build/syscalls.o
_kill                                             build/syscalls.o
_link                                             build/syscalls.o
_lseek                                            build/syscalls.o
_mainCRTStartup                                   /usr/local/Cellar/gcc-arm-none-eabi/20160928/bin/../lib/gcc/arm-none-eabi/5.4.1/../../../../arm-none-eabi/lib/armv7-m/crt0.o
_open                                             build/syscalls.o
_read                                             build/syscalls.o
_sbrk                                             build/sysmem.o
_sbss                                             build/startup_stm32f103xb.o
_sdata                                            build/startup_stm32f103xb.o
_sidata                                           build/startup_stm32f103xb.o
_start                                            /usr/local/Cellar/gcc-arm-none-eabi/20160928/bin/../lib/gcc/arm-none-eabi/5.4.1/../../../../arm-none-eabi/lib/armv7-m/crt0.o
_stat                                             build/syscalls.o
_times                                            build/syscalls.o
_unlink                                           build/syscalls.o
_wait                                             build/syscalls.o
_write                                            build/syscalls.o
atexit                                            /usr/local/Cellar/gcc-arm-none-eabi/20160928/bin/../lib/gcc/arm-none-eabi/5.4.1/../../../../arm-none-eabi/lib/armv7-m/crt0.o
end                                               build/sysmem.o
environ                                           build/syscalls.o
exit                                              /usr/local/Cellar/gcc-arm-none-eabi/20160928/bin/../lib/gcc/arm-none-eabi/5.4.1/../../../../arm-none-eabi/lib/armv7-m/libc_nano.a(lib_a-exit.o)
                                                  /usr/local/Cellar/gcc-arm-none-eabi/20160928/bin/../lib/gcc/arm-none-eabi/5.4.1/../../../../arm-none-eabi/lib/armv7-m/crt0.o
g_pfnVectors                                      build/startup_stm32f103xb.o
hadc1                                             build/main.o
hardware_init_hook                                /usr/local/Cellar/gcc-arm-none-eabi/20160928/bin/../lib/gcc/arm-none-eabi/5.4.1/../../../../arm-none-eabi/lib/armv7-m/crt0.o
htim2                                             build/main.o
initialise_monitor_handles                        build/syscalls.o
main                                              build/main.o
                                                  build/startup_stm32f103xb.o
                                                  /usr/local/Cellar/gcc-arm-none-eabi/20160928/bin/../lib/gcc/arm-none-eabi/5.4.1/../../../../arm-none-eabi/lib/armv7-m/crt0.o
memset                                            /usr/local/Cellar/gcc-arm-none-eabi/20160928/bin/../lib/gcc/arm-none-eabi/5.4.1/../../../../arm-none-eabi/lib/armv7-m/libc_nano.a(lib_a-memset.o)
                                                  build/main.o
                                                  /usr/local/Cellar/gcc-arm-none-eabi/20160928/bin/../lib/gcc/arm-none-eabi/5.4.1/../../../../arm-none-eabi/lib/armv7-m/crt0.o
pFlash                                            build/stm32f1xx_hal_flash.o
                                                  build/stm32f1xx_hal_flash_ex.o
software_init_hook                                /usr/local/Cellar/gcc-arm-none-eabi/20160928/bin/../lib/gcc/arm-none-eabi/5.4.1/../../../../arm-none-eabi/lib/armv7-m/crt0.o
uwTick                                            build/stm32f1xx_hal.o
uwTickFreq                                        build/stm32f1xx_hal.o
uwTickPrio                                        build/stm32f1xx_hal.o
                                                  build/stm32f1xx_hal_rcc.o
